--------------------------------------------------------------------------------------
Timing Analyzer Summary
--------------------------------------------------------------------------------------

Type           : Worst-case tsu
Slack          : N/A
Required Time  : None
Actual Time    : 3.374 ns
From           : load_count[1]
To             : Loadunload:inst|LAa[1]
From Clock     : --
To Clock       : clk
Failed Paths   : 0

Type           : Worst-case tco
Slack          : N/A
Required Time  : None
Actual Time    : 8.843 ns
From           : Loadunload:inst|unload_valid
To             : unload_valid
From Clock     : clk
To Clock       : --
Failed Paths   : 0

Type           : Worst-case th
Slack          : N/A
Required Time  : None
Actual Time    : 0.549 ns
From           : indata[8]
To             : Loadunload:inst|LAd[8]
From Clock     : --
To Clock       : clk
Failed Paths   : 0

Type           : Clock Setup: 'clk'
Slack          : N/A
Required Time  : None
Actual Time    : 184.57 MHz ( period = 5.418 ns )
From           : altsyncram1:inst3|altsyncram:altsyncram_component|altsyncram_7p91:auto_generated|q_a[2]
To             : Loadunload:inst|lpm_mult:r2|mult_flo:auto_generated|result[16]
From Clock     : clk
To Clock       : clk
Failed Paths   : 0

Type           : Total number of failed paths
Slack          : 
Required Time  : 
Actual Time    : 
From           : 
To             : 
From Clock     : 
To Clock       : 
Failed Paths   : 0

--------------------------------------------------------------------------------------

